"usrn","changeType","state","state_date","description","locality","townName","administrativeArea","surface","classification","start_x","start_y","end_x","end_y","start_longitude","start_latitude","end_longitude","end_latitude"
14202557,"I",2,1990-01-01,"FOOTPATH TO 3 SWEETBRIER LANE",,"EXETER","DEVON",1,8,294125.00,092992.00,294189.00,093061.00,50.7268596,-3.5014236,50.7274915,-3.500537
14202563,"I",2,1990-01-01,"ROAD FROM 1 SHELTON PLACE TO 18 SHELTON PLACE1",,"EXETER","DEVON",1,8,293746.00,092589.00,293758.00,092521.00,50.7231674,-3.5066751,50.7225583,-3.5064856
14202567,"I",2,1990-01-01,"FOOTPATH FROM DUNSFORD ROAD TO LITTLEWAY",,"EXETER","DEVON",1,8,290594.00,091481.00,290594.00,091534.00,50.7126215,-3.5509839,50.713098,-3.5509996
14200885,"I",2,1990-01-01,"VUEFIELD HILL",,"EXETER","DEVON",1,8,290382.00,091358.00,290368.00,091254.00,50.7114758,-3.5539489,50.7105383,-3.5541162
14202571,"I",2,1990-01-01,"FOOTPATH FROM BOWHAY LANE TO WENTWORTH GARDENS",,"EXETER","DEVON",1,8,290417.00,091762.00,290437.00,091792.00,50.7151142,-3.5535734,50.7153877,-3.5532992
